$ mkdir git_challenge
$ cd git_challenge/
$ git init
Initialized empty Git repository in D:/課題/git_challenge/.git/
$ echo "Hello, world!" >> hello_world.txt
$ git add hello_world.txt
warning: in the working copy of 'hello_world.txt', LF will be replaced by CRLF the next time Git touches it
$ git commit -m "1回目"
[main (root-commit) 70a5967] 1回目 
 1 file changed, 1 insertion(+)    
 create mode 100644 hello_world.txt
$ echo "こんにちは、世界！" >> hello_world.txt
$ git add hello_world.txt
warning: in the working copy of 'hello_world.txt', LF will be replaced by CRLF the next time Git touches it
$ git commit -m "2回目"
[main d17a888] 2回目
 1 file changed, 1 insertion(+)
$ git log --oneline
d17a888 (HEAD -> main) 2回目
70a5967 1回目
